#-----------------------------------------------------------
# Vivado v2025.2 (64-bit)
# SW Build 6299465 on Fri Nov 14 19:35:11 GMT 2025
# IP Build 6300035 on Fri Nov 14 10:48:45 MST 2025
# SharedData Build 6298862 on Thu Nov 13 04:50:51 MST 2025
# Start of session at: Mon Jun 22 22:50:30 2026
# Process ID         : 26540
# Current directory  : C:/Users/aamir/Desktop/University/6th semester/Hardware Engineering/Hardware Lab/cpu_8bit/cpu_8bit.runs/synth_1
# Command line       : vivado.exe -log alu.vds -product Vivado -mode batch -messageDb vivado.pb -notrace -source alu.tcl
# Log file           : C:/Users/aamir/Desktop/University/6th semester/Hardware Engineering/Hardware Lab/cpu_8bit/cpu_8bit.runs/synth_1/alu.vds
# Journal file       : C:/Users/aamir/Desktop/University/6th semester/Hardware Engineering/Hardware Lab/cpu_8bit/cpu_8bit.runs/synth_1\vivado.jou
# Running On         : Aamir
# Platform           : Windows Server 2016 or Windows 10
# Operating System   : 26200
# Processor Detail   : 12th Gen Intel(R) Core(TM) i5-1235U
# CPU Frequency      : 2496 MHz
# CPU Physical cores : 10
# CPU Logical cores  : 12
# Host memory        : 16849 MB
# Swap memory        : 20710 MB
# Total Virtual      : 37559 MB
# Available Virtual  : 3325 MB
#-----------------------------------------------------------
source alu.tcl -notrace
